
Allocating common symbols
Common symbol       size              file

TLS                 0x4               obj/kernel.o
mt_int_level        0x4               obj/irq.o
mt_last_task        0x4               obj/kernel.o
mt_fpu_task         0x4               obj/kernel.o
mt_curr_task        0x4               obj/kernel.o

Discarded input sections

 .note.GNU-stack
                0x0000000000000000        0x0 obj/msgqueue.o
 .note.GNU-stack
                0x0000000000000000        0x0 obj/mutex.o
 .note.GNU-stack
                0x0000000000000000        0x0 obj/sem.o
 .note.GNU-stack
                0x0000000000000000        0x0 obj/monitor.o
 .note.GNU-stack
                0x0000000000000000        0x0 obj/pipe.o
 .note.GNU-stack
                0x0000000000000000        0x0 obj/ide.o
 .note.GNU-stack
                0x0000000000000000        0x0 obj/drivers.o
 .note.GNU-stack
                0x0000000000000000        0x0 obj/ps2.o
 .note.GNU-stack
                0x0000000000000000        0x0 obj/cons.o
 .note.GNU-stack
                0x0000000000000000        0x0 obj/timer.o
 .note.GNU-stack
                0x0000000000000000        0x0 obj/input.o
 .note.GNU-stack
                0x0000000000000000        0x0 obj/math.o
 .note.GNU-stack
                0x0000000000000000        0x0 obj/kernel.o
 .note.GNU-stack
                0x0000000000000000        0x0 obj/irq.o
 .note.GNU-stack
                0x0000000000000000        0x0 obj/queue.o
 .note.GNU-stack
                0x0000000000000000        0x0 obj/gdt_idt.o
 .note.GNU-stack
                0x0000000000000000        0x0 obj/sprintf.o
 .note.GNU-stack
                0x0000000000000000        0x0 obj/split.o
 .note.GNU-stack
                0x0000000000000000        0x0 obj/printk.o
 .note.GNU-stack
                0x0000000000000000        0x0 obj/getch.o
 .note.GNU-stack
                0x0000000000000000        0x0 obj/strtol.o
 .note.GNU-stack
                0x0000000000000000        0x0 obj/getline.o
 .note.GNU-stack
                0x0000000000000000        0x0 obj/atoi.o
 .note.GNU-stack
                0x0000000000000000        0x0 obj/string.o
 .note.GNU-stack
                0x0000000000000000        0x0 obj/states.o
 .note.GNU-stack
                0x0000000000000000        0x0 obj/rand.o
 .note.GNU-stack
                0x0000000000000000        0x0 obj/malloc.o
 .note.GNU-stack
                0x0000000000000000        0x0 obj/peluqueria.o
 .note.GNU-stack
                0x0000000000000000        0x0 obj/prodcons.o
 .note.GNU-stack
                0x0000000000000000        0x0 obj/test.o
 .note.GNU-stack
                0x0000000000000000        0x0 obj/divz.o
 .note.GNU-stack
                0x0000000000000000        0x0 obj/events.o
 .note.GNU-stack
                0x0000000000000000        0x0 obj/filo.o
 .note.GNU-stack
                0x0000000000000000        0x0 obj/afilo.o
 .note.GNU-stack
                0x0000000000000000        0x0 obj/shell.o
 .note.GNU-stack
                0x0000000000000000        0x0 obj/interface_tester.o
 .note.GNU-stack
                0x0000000000000000        0x0 obj/ts.o
 .note.GNU-stack
                0x0000000000000000        0x0 obj/camino.o
 .note.GNU-stack
                0x0000000000000000        0x0 obj/sfilo.o
 .note.GNU-stack
                0x0000000000000000        0x0 obj/disk.o
 .note.GNU-stack
                0x0000000000000000        0x0 obj/kill.o
 .note.GNU-stack
                0x0000000000000000        0x0 obj/xfilo.o
 .note.GNU-stack
                0x0000000000000000        0x0 obj/camino_ns.o
 .note.GNU-stack
                0x0000000000000000        0x0 obj/setkb.o

Memory Configuration

Name             Origin             Length             Attributes
*default*        0x0000000000000000 0xffffffffffffffff

Linker script and memory map

Address of section .text-segment set to 0x100000
LOAD obj/kstart.o
LOAD obj/msgqueue.o
LOAD obj/mutex.o
LOAD obj/sem.o
LOAD obj/monitor.o
LOAD obj/pipe.o
LOAD obj/ide.o
LOAD obj/drivers.o
LOAD obj/ps2.o
LOAD obj/cons.o
LOAD obj/timer.o
LOAD obj/input.o
LOAD obj/math.o
LOAD obj/kernel.o
LOAD obj/interrupts.o
LOAD obj/irq.o
LOAD obj/queue.o
LOAD obj/gdt_idt.o
LOAD obj/libasm.o
LOAD obj/sprintf.o
LOAD obj/split.o
LOAD obj/printk.o
LOAD obj/getch.o
LOAD obj/strtol.o
LOAD obj/getline.o
LOAD obj/atoi.o
LOAD obj/io.o
LOAD obj/string.o
LOAD obj/states.o
LOAD obj/rand.o
LOAD obj/malloc.o
LOAD obj/peluqueria.o
LOAD obj/prodcons.o
LOAD obj/test.o
LOAD obj/divz.o
LOAD obj/events.o
LOAD obj/filo.o
LOAD obj/afilo.o
LOAD obj/shell.o
LOAD obj/interface_tester.o
LOAD obj/ts.o
LOAD obj/camino.o
LOAD obj/sfilo.o
LOAD obj/disk.o
LOAD obj/kill.o
LOAD obj/xfilo.o
LOAD obj/camino_ns.o
LOAD obj/setkb.o
                0x0000000000100000                PROVIDE (__executable_start, 0x100000)
                0x00000000001000d4                . = (0x100000 + SIZEOF_HEADERS)

.interp
 *(.interp)

.note.gnu.build-id
                0x00000000001000d4       0x24
 *(.note.gnu.build-id)
 .note.gnu.build-id
                0x00000000001000d4       0x24 obj/kstart.o

.hash
 *(.hash)

.gnu.hash
 *(.gnu.hash)

.dynsym
 *(.dynsym)

.dynstr
 *(.dynstr)

.gnu.version
 *(.gnu.version)

.gnu.version_d
 *(.gnu.version_d)

.gnu.version_r
 *(.gnu.version_r)

.rel.dyn        0x00000000001000f8        0x0
 *(.rel.init)
 *(.rel.text .rel.text.* .rel.gnu.linkonce.t.*)
 .rel.text      0x0000000000000000        0x0 obj/kstart.o
 *(.rel.fini)
 *(.rel.rodata .rel.rodata.* .rel.gnu.linkonce.r.*)
 *(.rel.data.rel.ro* .rel.gnu.linkonce.d.rel.ro.*)
 *(.rel.data .rel.data.* .rel.gnu.linkonce.d.*)
 .rel.data      0x0000000000000000        0x0 obj/kstart.o
 *(.rel.tdata .rel.tdata.* .rel.gnu.linkonce.td.*)
 *(.rel.tbss .rel.tbss.* .rel.gnu.linkonce.tb.*)
 *(.rel.ctors)
 *(.rel.dtors)
 *(.rel.got)
 *(.rel.bss .rel.bss.* .rel.gnu.linkonce.b.*)
 *(.rel.ifunc)

.rel.plt        0x00000000001000f8        0x0
 *(.rel.plt)
                0x00000000001000f8                PROVIDE (__rel_iplt_start, .)
 *(.rel.iplt)
 .rel.iplt      0x0000000000000000        0x0 obj/kstart.o
                0x00000000001000f8                PROVIDE (__rel_iplt_end, .)

.init
 *(.init)

.plt            0x0000000000100100        0x0
 *(.plt)
 *(.iplt)
 .iplt          0x0000000000000000        0x0 obj/kstart.o

.text           0x0000000000100100     0xe184
 *(.text.unlikely .text.*_unlikely)
 *(.text.exit .text.exit.*)
 *(.text.startup .text.startup.*)
 *(.text.hot .text.hot.*)
 *(.text .stub .text.* .gnu.linkonce.t.*)
 .text          0x0000000000100100       0x1a obj/kstart.o
                0x000000000010010c                _start
 *fill*         0x000000000010011a        0x2 90909090
 .text          0x000000000010011c      0x33e obj/msgqueue.o
                0x000000000010011c                CreateMsgQueue
                0x000000000010022a                DeleteMsgQueue
                0x0000000000100274                GetMsgQueue
                0x0000000000100296                GetMsgQueueCond
                0x00000000001002b8                GetMsgQueueTimed
                0x000000000010035c                PutMsgQueue
                0x000000000010037e                PutMsgQueueCond
                0x00000000001003a0                PutMsgQueueTimed
                0x0000000000100444                AvailMsgQueue
 *fill*         0x000000000010045a        0x2 90909090
 .text          0x000000000010045c      0x18e obj/mutex.o
                0x000000000010045c                CreateMutex
                0x0000000000100486                DeleteMutex
                0x00000000001004bf                EnterMutex
                0x00000000001004da                EnterMutexCond
                0x00000000001004f5                EnterMutexTimed
                0x0000000000100570                LeaveMutex
 *fill*         0x00000000001005ea        0x2 90909090
 .text          0x00000000001005ec      0x1a7 obj/sem.o
                0x00000000001005ec                CreateSem
                0x000000000010061f                DeleteSem
                0x0000000000100672                WaitSem
                0x000000000010068d                WaitSemCond
                0x00000000001006a8                WaitSemTimed
                0x000000000010070a                SignalSem
                0x000000000010074a                ValueSem
                0x0000000000100755                FlushSem
 *fill*         0x0000000000100793        0x1 90909090
 .text          0x0000000000100794      0x336 obj/monitor.o
                0x0000000000100794                CreateMonitor
                0x00000000001007be                DeleteMonitor
                0x00000000001007f7                EnterMonitor
                0x0000000000100812                EnterMonitorCond
                0x000000000010082d                EnterMonitorTimed
                0x00000000001008a3                LeaveMonitor
                0x00000000001008f0                CreateCondition
                0x0000000000100923                DeleteCondition
                0x000000000010095c                WaitCondition
                0x0000000000100977                WaitConditionTimed
                0x0000000000100a08                SignalCondition
                0x0000000000100a69                BroadcastCondition
 *fill*         0x0000000000100aca        0x2 90909090
 .text          0x0000000000100acc      0x52e obj/pipe.o
                0x0000000000100acc                CreatePipe
                0x0000000000100bc9                DeletePipe
                0x0000000000100c14                GetPipe
                0x0000000000100c3d                GetPipeCond
                0x0000000000100c66                GetPipeTimed
                0x0000000000100ded                PutPipe
                0x0000000000100e16                PutPipeCond
                0x0000000000100e3f                PutPipeTimed
                0x0000000000100fef                AvailPipe
 *fill*         0x0000000000100ffa        0x2 90909090
 .text          0x0000000000100ffc      0xd43 obj/ide.o
                0x000000000010193f                mt_ide_init
                0x0000000000101aee                mt_ide_read
                0x0000000000101b1e                mt_ide_write
                0x0000000000101b4e                mt_ide_model
                0x0000000000101b9a                mt_ide_capacity
                0x0000000000101be6                open_driver_ide
                0x0000000000101bf0                read_driver_ide
                0x0000000000101bfa                write_driver_ide
                0x0000000000101c04                close_driver_ide
                0x0000000000101c0e                ioctl_driver_ide
                0x0000000000101c9a                read_block_driver_ide
                0x0000000000101cc2                write_block_driver_ide
 *fill*         0x0000000000101d3f        0x1 90909090
 .text          0x0000000000101d40      0x144 obj/drivers.o
                0x0000000000101d40                mt_init_drivers
                0x0000000000101e74                getDriver
 .text          0x0000000000101e84      0xbd1 obj/ps2.o
                0x000000000010271d                mt_ps2_init
                0x0000000000102854                mt_ps2_getlayout
                0x0000000000102876                mt_ps2_setlayout
                0x0000000000102902                mt_ps2_layouts
                0x0000000000102922                open_driver_ps2
                0x000000000010292c                read_driver_ps2
                0x0000000000102936                write_driver_ps2
                0x0000000000102940                close_driver_ps2
                0x000000000010294a                ioctl_driver_ps2
                0x00000000001029ec                read_block_driver_ps2
                0x00000000001029f6                write_block_driver_ps2
 *fill*         0x0000000000102a55        0x3 90909090
 .text          0x0000000000102a58      0xda8 obj/cons.o
                0x0000000000102e3b                mt_cons_clreol
                0x0000000000102ec0                mt_cons_clreom
                0x0000000000102f33                mt_cons_nrows
                0x0000000000102f53                mt_cons_ncols
                0x0000000000102f73                mt_cons_nscrolls
                0x0000000000102f97                mt_cons_getxy
                0x0000000000102feb                mt_cons_gotoxy
                0x0000000000103034                mt_cons_setattr
                0x000000000010305a                mt_cons_getattr
                0x00000000001030be                mt_cons_cursor
                0x000000000010310e                mt_cons_raw
                0x0000000000103154                mt_cons_cr
                0x0000000000103187                mt_cons_nl
                0x00000000001031d0                mt_cons_tab
                0x0000000000103226                mt_cons_bs
                0x000000000010328f                mt_cons_putc
                0x000000000010332c                mt_cons_puts
                0x000000000010336f                mt_cons_setfocus
                0x000000000010338e                mt_cons_setcurrent
                0x00000000001033a0                mt_cons_set0
                0x00000000001033cd                mt_cons_init
                0x0000000000103434                mt_cons_clear
                0x0000000000103499                open_driver_cons
                0x00000000001034a3                read_driver_cons
                0x00000000001034ad                write_driver_cons
                0x00000000001034e2                close_driver_cons
                0x00000000001034ec                ioctl_driver_cons
                0x0000000000103797                read_block_driver_cons
                0x00000000001037a1                write_block_driver_cons
 .text          0x0000000000103800       0x69 obj/timer.o
                0x0000000000103800                mt_setup_timer
 *fill*         0x0000000000103869        0x3 90909090
 .text          0x000000000010386c      0x7a9 obj/input.o
                0x000000000010386c                mt_input_init
                0x0000000000103939                mt_input_put
                0x0000000000103976                mt_input_get
                0x00000000001039b3                mt_input_get_cond
                0x00000000001039f0                mt_input_get_timed
                0x0000000000103a3b                mt_kbd_putch
                0x0000000000103a7e                mt_kbd_puts
                0x0000000000103aff                mt_kbd_getch
                0x0000000000103b3c                mt_kbd_getch_cond
                0x0000000000103b79                mt_kbd_getch_timed
                0x0000000000103bc4                mt_input_setfocus
                0x0000000000103c27                mt_input_setcurrent
                0x0000000000103c83                open_driver_keyboard
                0x0000000000103c8d                read_driver_keyboard
                0x0000000000103cde                write_driver_keyboard
                0x0000000000103d12                close_driver_keyboard
                0x0000000000103d1c                ioctl_driver_keyboard
                0x0000000000103fac                read_block_driver_keyboard
                0x0000000000103fb6                write_block_driver_keyboard
 *fill*         0x0000000000104015        0x3 90909090
 .text          0x0000000000104018       0x95 obj/math.o
                0x0000000000104091                mt_setup_math
 *fill*         0x00000000001040ad        0x3 90909090
 .text          0x00000000001040b0     0x1a31 obj/kernel.o
                0x00000000001040b0                mt_main
                0x0000000000104384                mt_select_task
                0x00000000001047f9                CreateTask
                0x00000000001048cd                DeleteTask
                0x0000000000104975                Protect
                0x00000000001049a2                Attach
                0x0000000000104a16                Detach
                0x0000000000104a90                SetPriority
                0x0000000000104b29                SetConsole
                0x0000000000104bb2                SetSaveRestore
                0x0000000000104bfe                SetCleanup
                0x0000000000104c34                GetInfo
                0x0000000000104d0b                GetTasks
                0x0000000000104d73                Ready
                0x0000000000104dd5                Suspend
                0x0000000000104e41                CurrentTask
                0x0000000000104e4b                Pause
                0x0000000000104e60                Yield
                0x0000000000104e75                Delay
                0x0000000000104ef1                UDelay
                0x0000000000104f1d                Join
                0x0000000000104f3f                JoinCond
                0x0000000000104f61                JoinTimed
                0x000000000010507e                Exit
                0x000000000010521e                Panic
                0x0000000000105358                Atomic
                0x000000000010536b                Unatomic
                0x00000000001053b3                SetInts
                0x00000000001053e5                CreateQueue
                0x000000000010540f                DeleteQueue
                0x0000000000105442                WaitQueue
                0x000000000010545d                WaitQueueTimed
                0x00000000001054eb                SignalQueue
                0x000000000010553c                FlushQueue
                0x000000000010559a                Send
                0x00000000001055c3                SendCond
                0x00000000001055ec                SendTimed
                0x0000000000105774                Receive
                0x000000000010579d                ReceiveCond
                0x00000000001057c6                ReceiveTimed
                0x00000000001059cc                GetName
                0x00000000001059e3                Time
                0x0000000000105a03                Malloc
                0x0000000000105a57                StrDup
                0x0000000000105abb                Free
 *fill*         0x0000000000105ae1        0xf 90909090
 .text          0x0000000000105af0      0x356 obj/interrupts.o
                0x0000000000105af0                mt_int_stubs
 *fill*         0x0000000000105e46        0x2 90909090
 .text          0x0000000000105e48      0x375 obj/irq.o
                0x0000000000105fab                mt_int_handler
                0x0000000000106006                mt_setup_interrupts
                0x0000000000106055                mt_set_int_handler
                0x0000000000106074                mt_set_exception_handler
                0x0000000000106093                mt_disable_irq
                0x0000000000106126                mt_enable_irq
 *fill*         0x00000000001061bd        0x3 90909090
 .text          0x00000000001061c0      0x3f9 obj/queue.o
                0x00000000001061c0                mt_enqueue
                0x00000000001062a6                mt_dequeue
                0x000000000010632e                mt_peeklast
                0x0000000000106339                mt_getlast
                0x00000000001063a9                mt_enqueue_time
                0x00000000001064a7                mt_dequeue_time
                0x0000000000106543                mt_peekfirst_time
                0x000000000010654d                mt_getfirst_time
 *fill*         0x00000000001065b9        0x3 90909090
 .text          0x00000000001065bc       0xfb obj/gdt_idt.o
                0x00000000001066a5                mt_setup_gdt_idt
 *fill*         0x00000000001066b7        0x1 90909090
 .text          0x00000000001066b8       0x70 obj/libasm.o
                0x00000000001066b8                mt_load_gdt
                0x00000000001066d5                mt_load_idt
                0x00000000001066dd                mt_context_switch
                0x00000000001066fe                mt_sti
                0x0000000000106700                mt_cli
                0x0000000000106702                mt_flags
                0x0000000000106705                mt_finit
                0x0000000000106709                mt_fsave
                0x0000000000106711                mt_frstor
                0x0000000000106719                mt_stts
                0x0000000000106723                mt_clts
                0x0000000000106726                mt_hlt
 .text          0x0000000000106728     0x153a obj/sprintf.o
                0x0000000000106a1b                ecvtbuf
                0x0000000000106a5e                fcvtbuf
                0x000000000010771a                vsprintf
                0x0000000000107c33                sprintf
 *fill*         0x0000000000107c62        0x2 90909090
 .text          0x0000000000107c64      0x32f obj/split.o
                0x0000000000107cb7                split
                0x0000000000107e7f                separate
 *fill*         0x0000000000107f93        0x1 90909090
 .text          0x0000000000107f94      0x1d5 obj/printk.o
                0x0000000000107f94                vprintk
                0x000000000010802d                printk
                0x000000000010805f                print0
                0x00000000001080d7                cprintk
 *fill*         0x0000000000108169        0x3 90909090
 .text          0x000000000010816c       0xc4 obj/getch.o
                0x000000000010816c                getch
                0x00000000001081ab                getch_cond
                0x00000000001081ea                getch_timed
 .text          0x0000000000108230      0x468 obj/strtol.o
                0x00000000001082e0                strtol
                0x00000000001084cc                strtoul
 .text          0x0000000000108698      0x321 obj/getline.o
                0x00000000001086e5                getline
 *fill*         0x00000000001089b9        0x3 90909090
 .text          0x00000000001089bc       0xa6 obj/atoi.o
                0x00000000001089bc                atoi
 *fill*         0x0000000000108a62        0x2 90909090
 .text          0x0000000000108a64       0x48 obj/io.o
                0x0000000000108a64                inb
                0x0000000000108a6f                outb
                0x0000000000108a7c                inw
                0x0000000000108a88                outw
                0x0000000000108a96                inl
                0x0000000000108a9f                outl
 .text          0x0000000000108aac      0x3d5 obj/string.o
                0x0000000000108aac                strcpy
                0x0000000000108ae3                strncpy
                0x0000000000108b27                strcat
                0x0000000000108b76                strncat
                0x0000000000108bce                strcmp
                0x0000000000108c0b                strncmp
                0x0000000000108c57                strchr
                0x0000000000108c94                strrchr
                0x0000000000108cd3                strlen
                0x0000000000108d07                strnlen
                0x0000000000108d41                memcpy
                0x0000000000108d90                memmove
                0x0000000000108e0e                memchr
                0x0000000000108e50                memset
 *fill*         0x0000000000108e81        0x3 90909090
 .text          0x0000000000108e84       0x20 obj/states.o
                0x0000000000108e84                statename
 .text          0x0000000000108ea4       0xb0 obj/rand.o
                0x0000000000108f33                rand
                0x0000000000108f47                srand
 .text          0x0000000000108f54      0x1db obj/malloc.o
                0x0000000000108f54                mt_setup_heap
                0x0000000000108fb8                free
                0x000000000010908f                malloc
 *fill*         0x000000000010912f        0x1 90909090
 .text          0x0000000000109130      0x8b7 obj/peluqueria.o
                0x00000000001096b2                peluqueria_main
 *fill*         0x00000000001099e7        0x1 90909090
 .text          0x00000000001099e8      0x5f1 obj/prodcons.o
                0x0000000000109cd4                prodcons_main
 *fill*         0x0000000000109fd9        0x3 90909090
 .text          0x0000000000109fdc       0x19 obj/test.o
                0x0000000000109fdc                test_main
 *fill*         0x0000000000109ff5        0x3 90909090
 .text          0x0000000000109ff8       0xf6 obj/divz.o
                0x000000000010a037                divz_main
 *fill*         0x000000000010a0ee        0x2 90909090
 .text          0x000000000010a0f0      0x1bf obj/events.o
                0x000000000010a0f0                events_main
 *fill*         0x000000000010a2af        0x1 90909090
 .text          0x000000000010a2b0      0x673 obj/filo.o
                0x000000000010a6f4                phil_main
 *fill*         0x000000000010a923        0x1 90909090
 .text          0x000000000010a924      0x638 obj/afilo.o
                0x000000000010ada0                atomic_phil_main
 .text          0x000000000010af5c      0x80f obj/shell.o
                0x000000000010b060                shell_main
 *fill*         0x000000000010b76b        0x1 90909090
 .text          0x000000000010b76c       0x19 obj/interface_tester.o
                0x000000000010b76c                interface_tester_main
 *fill*         0x000000000010b785        0x3 90909090
 .text          0x000000000010b788      0x3f8 obj/ts.o
                0x000000000010b83c                ts_main
 .text          0x000000000010bb80      0xa1f obj/camino.o
                0x000000000010c379                camino_main
 *fill*         0x000000000010c59f        0x1 90909090
 .text          0x000000000010c5a0      0x5d2 obj/sfilo.o
                0x000000000010c96d                simple_phil_main
 *fill*         0x000000000010cb72        0x2 90909090
 .text          0x000000000010cb74      0x1f2 obj/disk.o
                0x000000000010cd3b                disk_main
 *fill*         0x000000000010cd66        0x2 90909090
 .text          0x000000000010cd68      0x12f obj/kill.o
                0x000000000010cd68                kill_main
 *fill*         0x000000000010ce97        0x1 90909090
 .text          0x000000000010ce98      0x6d4 obj/xfilo.o
                0x000000000010d33e                extra_phil_main
 .text          0x000000000010d56c      0xbd0 obj/camino_ns.o
                0x000000000010df39                camino_ns_main
 .text          0x000000000010e13c      0x148 obj/setkb.o
                0x000000000010e13c                setkb_main
 *(.gnu.warning)

.fini
 *(.fini)
                0x000000000010e284                PROVIDE (__etext, .)
                0x000000000010e284                PROVIDE (_etext, .)
                0x000000000010e284                PROVIDE (etext, .)

.rodata         0x000000000010e288     0x1162
 *(.rodata .rodata.* .gnu.linkonce.r.*)
 .rodata        0x000000000010e288       0x32 obj/msgqueue.o
 *fill*         0x000000000010e2ba        0x2 00
 .rodata        0x000000000010e2bc       0x2a obj/mutex.o
 *fill*         0x000000000010e2e6        0x2 00
 .rodata        0x000000000010e2e8      0x10b obj/monitor.o
 .rodata        0x000000000010e3f3        0xe obj/pipe.o
 *fill*         0x000000000010e401        0x3 00
 .rodata        0x000000000010e404       0x82 obj/ide.o
 .rodata        0x000000000010e486       0x56 obj/ps2.o
 .rodata        0x000000000010e4dc       0x5d obj/cons.o
 *fill*         0x000000000010e539        0x3 00
 .rodata        0x000000000010e53c       0x59 obj/input.o
 *fill*         0x000000000010e595        0x3 00
 .rodata        0x000000000010e598      0x286 obj/kernel.o
 *fill*         0x000000000010e81e        0x2 00
 .rodata        0x000000000010e820       0x3f obj/irq.o
 *fill*         0x000000000010e85f        0x1 00
 .rodata        0x000000000010e860      0x188 obj/sprintf.o
 .rodata        0x000000000010e9e8        0x7 obj/split.o
 .rodata        0x000000000010e9ef        0xf obj/getline.o
 *fill*         0x000000000010e9fe        0x2 00
 .rodata        0x000000000010ea00       0x4d obj/states.o
 *fill*         0x000000000010ea4d        0x3 00
 .rodata        0x000000000010ea50      0x157 obj/peluqueria.o
 *fill*         0x000000000010eba7        0x1 00
 .rodata        0x000000000010eba8       0xac obj/prodcons.o
 .rodata        0x000000000010ec54        0xc obj/test.o
 .rodata        0x000000000010ec60       0x6b obj/divz.o
 .rodata        0x000000000010eccb       0x6c obj/events.o
 *fill*         0x000000000010ed37        0x1 00
 .rodata        0x000000000010ed38       0x69 obj/filo.o
 *fill*         0x000000000010eda1        0x3 00
 .rodata        0x000000000010eda4       0x57 obj/afilo.o
 .rodata        0x000000000010edfb      0x14b obj/shell.o
 .rodata        0x000000000010ef46        0xc obj/interface_tester.o
 *fill*         0x000000000010ef52        0x2 00
 .rodata        0x000000000010ef54       0xde obj/ts.o
 *fill*         0x000000000010f032        0x2 00
 .rodata        0x000000000010f034       0x88 obj/camino.o
 .rodata        0x000000000010f0bc       0x69 obj/sfilo.o
 *fill*         0x000000000010f125        0x3 00
 .rodata        0x000000000010f128      0x106 obj/disk.o
 .rodata        0x000000000010f22e       0x4b obj/kill.o
 *fill*         0x000000000010f279        0x3 00
 .rodata        0x000000000010f27c       0x69 obj/xfilo.o
 *fill*         0x000000000010f2e5        0x3 00
 .rodata        0x000000000010f2e8       0xa0 obj/camino_ns.o
 .rodata        0x000000000010f388       0x62 obj/setkb.o

.rodata1
 *(.rodata1)

.eh_frame_hdr   0x000000000010f3ec      0xcc4
 *(.eh_frame_hdr)
 .eh_frame_hdr  0x000000000010f3ec      0xcc4 obj/msgqueue.o

.eh_frame       0x00000000001100b0     0x34cc
 *(.eh_frame)
 .eh_frame      0x00000000001100b0      0x138 obj/msgqueue.o
 .eh_frame      0x00000000001101e8       0xc0 obj/mutex.o
                                         0xd8 (size before relaxing)
 .eh_frame      0x00000000001102a8      0x100 obj/sem.o
                                        0x118 (size before relaxing)
 .eh_frame      0x00000000001103a8      0x18c obj/monitor.o
                                        0x1a4 (size before relaxing)
 .eh_frame      0x0000000000110534      0x130 obj/pipe.o
                                        0x148 (size before relaxing)
 .eh_frame      0x0000000000110664      0x2e8 obj/ide.o
                                        0x300 (size before relaxing)
 .eh_frame      0x000000000011094c       0x40 obj/drivers.o
                                         0x58 (size before relaxing)
 .eh_frame      0x000000000011098c      0x318 obj/ps2.o
                                        0x330 (size before relaxing)
 .eh_frame      0x0000000000110ca4      0x50c obj/cons.o
                                        0x524 (size before relaxing)
 .eh_frame      0x00000000001111b0       0x20 obj/timer.o
                                         0x38 (size before relaxing)
 .eh_frame      0x00000000001111d0      0x280 obj/input.o
                                        0x298 (size before relaxing)
 .eh_frame      0x0000000000111450       0x44 obj/math.o
                                         0x5c (size before relaxing)
 .eh_frame      0x0000000000111494      0x75c obj/kernel.o
                                        0x774 (size before relaxing)
 .eh_frame      0x0000000000111bf0      0x150 obj/irq.o
                                        0x168 (size before relaxing)
 .eh_frame      0x0000000000111d40      0x100 obj/queue.o
                                        0x118 (size before relaxing)
 .eh_frame      0x0000000000111e40       0x60 obj/gdt_idt.o
                                         0x78 (size before relaxing)
 .eh_frame      0x0000000000111ea0      0x1d8 obj/sprintf.o
                                        0x1f0 (size before relaxing)
 .eh_frame      0x0000000000112078       0xa0 obj/split.o
                                         0xb8 (size before relaxing)
 .eh_frame      0x0000000000112118       0x80 obj/printk.o
                                         0x98 (size before relaxing)
 .eh_frame      0x0000000000112198       0x60 obj/getch.o
                                         0x78 (size before relaxing)
 .eh_frame      0x00000000001121f8       0xe0 obj/strtol.o
                                         0xf8 (size before relaxing)
 .eh_frame      0x00000000001122d8       0x40 obj/getline.o
                                         0x58 (size before relaxing)
 .eh_frame      0x0000000000112318       0x24 obj/atoi.o
                                         0x3c (size before relaxing)
 .eh_frame      0x000000000011233c      0x264 obj/string.o
                                        0x27c (size before relaxing)
 .eh_frame      0x00000000001125a0       0x20 obj/states.o
                                         0x38 (size before relaxing)
 .eh_frame      0x00000000001125c0       0x60 obj/rand.o
                                         0x78 (size before relaxing)
 .eh_frame      0x0000000000112620       0x60 obj/malloc.o
                                         0x78 (size before relaxing)
 .eh_frame      0x0000000000112680      0x1a8 obj/peluqueria.o
                                        0x1c0 (size before relaxing)
 .eh_frame      0x0000000000112828      0x11c obj/prodcons.o
                                        0x134 (size before relaxing)
 .eh_frame      0x0000000000112944       0x20 obj/test.o
                                         0x38 (size before relaxing)
 .eh_frame      0x0000000000112964       0x60 obj/divz.o
                                         0x78 (size before relaxing)
 .eh_frame      0x00000000001129c4       0x28 obj/events.o
                                         0x40 (size before relaxing)
 .eh_frame      0x00000000001129ec      0x19c obj/filo.o
                                        0x1b4 (size before relaxing)
 .eh_frame      0x0000000000112b88      0x19c obj/afilo.o
                                        0x1b4 (size before relaxing)
 .eh_frame      0x0000000000112d24       0xa8 obj/shell.o
                                         0xc0 (size before relaxing)
 .eh_frame      0x0000000000112dcc       0x20 obj/interface_tester.o
                                         0x38 (size before relaxing)
 .eh_frame      0x0000000000112dec       0x6c obj/ts.o
                                         0x84 (size before relaxing)
 .eh_frame      0x0000000000112e58      0x1e8 obj/camino.o
                                        0x200 (size before relaxing)
 .eh_frame      0x0000000000113040      0x178 obj/sfilo.o
                                        0x190 (size before relaxing)
 .eh_frame      0x00000000001131b8       0x40 obj/disk.o
                                         0x58 (size before relaxing)
 .eh_frame      0x00000000001131f8       0x20 obj/kill.o
                                         0x38 (size before relaxing)
 .eh_frame      0x0000000000113218      0x19c obj/xfilo.o
                                        0x1b4 (size before relaxing)
 .eh_frame      0x00000000001133b4      0x1a8 obj/camino_ns.o
                                        0x1c0 (size before relaxing)
 .eh_frame      0x000000000011355c       0x20 obj/setkb.o
                                         0x38 (size before relaxing)

.gcc_except_table
 *(.gcc_except_table .gcc_except_table.*)

.exception_ranges
 *(.exception_ranges .exception_ranges*)
                0x000000000011357c                . = (ALIGN (0x1000) - ((0x1000 - .) & 0xfff))
                0x0000000000114ff4                . = DATA_SEGMENT_ALIGN (0x1000, 0x1000)

.eh_frame
 *(.eh_frame)

.gcc_except_table
 *(.gcc_except_table .gcc_except_table.*)

.exception_ranges
 *(.exception_ranges .exception_ranges*)

.tdata
 *(.tdata .tdata.* .gnu.linkonce.td.*)

.tbss
 *(.tbss .tbss.* .gnu.linkonce.tb.*)
 *(.tcommon)

.preinit_array  0x0000000000114ff4        0x0
                0x0000000000114ff4                PROVIDE (__preinit_array_start, .)
 *(.preinit_array)
                0x0000000000114ff4                PROVIDE (__preinit_array_end, .)

.init_array     0x0000000000114ff4        0x0
                0x0000000000114ff4                PROVIDE (__init_array_start, .)
 *(SORT(.init_array.*) SORT(.ctors.*))
 *(.init_array)
 *(EXCLUDE_FILE(*crtend?.o *crtend.o *crtbegin?.o *crtbegin.o) .ctors)
                0x0000000000114ff4                PROVIDE (__init_array_end, .)

.fini_array     0x0000000000114ff4        0x0
                0x0000000000114ff4                PROVIDE (__fini_array_start, .)
 *(SORT(.fini_array.*) SORT(.dtors.*))
 *(.fini_array)
 *(EXCLUDE_FILE(*crtend?.o *crtend.o *crtbegin?.o *crtbegin.o) .dtors)
                0x0000000000114ff4                PROVIDE (__fini_array_end, .)

.ctors
 *crtbegin.o(.ctors)
 *crtbegin?.o(.ctors)
 *(EXCLUDE_FILE(*crtend?.o *crtend.o) .ctors)
 *(SORT(.ctors.*))
 *(.ctors)

.dtors
 *crtbegin.o(.dtors)
 *crtbegin?.o(.dtors)
 *(EXCLUDE_FILE(*crtend?.o *crtend.o) .dtors)
 *(SORT(.dtors.*))
 *(.dtors)

.jcr
 *(.jcr)

.data.rel.ro
 *(.data.rel.ro.local* .gnu.linkonce.d.rel.ro.local.*)
 *(.data.rel.ro* .gnu.linkonce.d.rel.ro.*)

.dynamic
 *(.dynamic)

.got
 *(.got)
 *(.igot)
                0x0000000000114ff4                . = DATA_SEGMENT_RELRO_END (., 0xc)

.got.plt        0x0000000000114ff4        0x0
 *(.got.plt)
 *(.igot.plt)
 .igot.plt      0x0000000000000000        0x0 obj/kstart.o

.data           0x0000000000115000     0x10d4
 *(.data .data.* .gnu.linkonce.d.*)
 .data          0x0000000000115000        0x0 obj/kstart.o
 .data          0x0000000000115000        0x0 obj/msgqueue.o
 .data          0x0000000000115000        0x0 obj/mutex.o
 .data          0x0000000000115000        0x0 obj/sem.o
 .data          0x0000000000115000        0x0 obj/monitor.o
 .data          0x0000000000115000        0x0 obj/pipe.o
 .data          0x0000000000115000      0x1a0 obj/ide.o
 .data          0x00000000001151a0        0x0 obj/drivers.o
 .data          0x00000000001151a0      0xc25 obj/ps2.o
                0x00000000001151a0                keymap_spanish
                0x00000000001157a0                keymap_us_std
 *fill*         0x0000000000115dc5        0x3 00
 .data          0x0000000000115dc8       0x20 obj/cons.o
 .data          0x0000000000115de8        0x0 obj/timer.o
 .data          0x0000000000115de8        0x0 obj/input.o
 .data          0x0000000000115de8        0x0 obj/math.o
 .data          0x0000000000115de8        0x0 obj/kernel.o
 .data          0x0000000000115de8        0x0 obj/interrupts.o
 .data          0x0000000000115de8        0x0 obj/irq.o
 .data          0x0000000000115de8        0x0 obj/queue.o
 .data          0x0000000000115de8       0x18 obj/gdt_idt.o
 .data          0x0000000000115e00        0x0 obj/libasm.o
 .data          0x0000000000115e00        0x8 obj/sprintf.o
 .data          0x0000000000115e08        0x0 obj/split.o
 .data          0x0000000000115e08        0x0 obj/printk.o
 .data          0x0000000000115e08        0x0 obj/getch.o
 .data          0x0000000000115e08        0x0 obj/strtol.o
 .data          0x0000000000115e08        0x0 obj/getline.o
 .data          0x0000000000115e08        0x0 obj/atoi.o
 .data          0x0000000000115e08        0x0 obj/io.o
 .data          0x0000000000115e08        0x0 obj/string.o
 *fill*         0x0000000000115e08       0x18 00
 .data          0x0000000000115e20       0x28 obj/states.o
 .data          0x0000000000115e48        0x4 obj/rand.o
 .data          0x0000000000115e4c        0x0 obj/malloc.o
 .data          0x0000000000115e4c        0x0 obj/peluqueria.o
 .data          0x0000000000115e4c        0x0 obj/prodcons.o
 .data          0x0000000000115e4c        0x0 obj/test.o
 .data          0x0000000000115e4c        0x0 obj/divz.o
 .data          0x0000000000115e4c        0x0 obj/events.o
 *fill*         0x0000000000115e4c       0x14 00
 .data          0x0000000000115e60       0x50 obj/filo.o
 *fill*         0x0000000000115eb0       0x10 00
 .data          0x0000000000115ec0       0x50 obj/afilo.o
 *fill*         0x0000000000115f10       0x10 00
 .data          0x0000000000115f20       0xd8 obj/shell.o
 .data          0x0000000000115ff8        0x0 obj/interface_tester.o
 .data          0x0000000000115ff8        0x8 obj/ts.o
 .data          0x0000000000116000        0x4 obj/camino.o
 *fill*         0x0000000000116004       0x1c 00
 .data          0x0000000000116020       0x50 obj/sfilo.o
 .data          0x0000000000116070        0x0 obj/disk.o
 .data          0x0000000000116070        0x0 obj/kill.o
 *fill*         0x0000000000116070       0x10 00
 .data          0x0000000000116080       0x50 obj/xfilo.o
 .data          0x00000000001160d0        0x4 obj/camino_ns.o
 .data          0x00000000001160d4        0x0 obj/setkb.o

.data1
 *(.data1)
                0x00000000001160d4                _edata = .
                0x00000000001160d4                PROVIDE (edata, .)
                0x00000000001160d4                __bss_start = .

.bss            0x00000000001160e0     0x858c
 *(.dynbss)
 *(.bss .bss.* .gnu.linkonce.b.*)
 .bss           0x00000000001160e0     0x4000 obj/kstart.o
 .bss           0x000000000011a0e0        0x0 obj/msgqueue.o
 .bss           0x000000000011a0e0        0x0 obj/mutex.o
 .bss           0x000000000011a0e0        0x0 obj/sem.o
 .bss           0x000000000011a0e0        0x0 obj/monitor.o
 .bss           0x000000000011a0e0        0x0 obj/pipe.o
 .bss           0x000000000011a0e0        0x0 obj/ide.o
 .bss           0x000000000011a0e0       0xc0 obj/drivers.o
 .bss           0x000000000011a1a0       0x5c obj/ps2.o
 *fill*         0x000000000011a1fc        0x4 00
 .bss           0x000000000011a200      0x104 obj/cons.o
 .bss           0x000000000011a304        0x0 obj/timer.o
 *fill*         0x000000000011a304       0x1c 00
 .bss           0x000000000011a320       0x7c obj/input.o
 .bss           0x000000000011a39c        0x0 obj/math.o
 *fill*         0x000000000011a39c        0x4 00
 .bss           0x000000000011a3a0       0x30 obj/kernel.o
 .bss           0x000000000011a3d0     0x400c obj/interrupts.o
 *fill*         0x000000000011e3dc        0x4 00
 .bss           0x000000000011e3e0       0xc0 obj/irq.o
 .bss           0x000000000011e4a0        0xc obj/queue.o
 *fill*         0x000000000011e4ac       0x14 00
 .bss           0x000000000011e4c0      0x180 obj/gdt_idt.o
 .bss           0x000000000011e640        0x4 obj/libasm.o
 .bss           0x000000000011e644        0x0 obj/sprintf.o
 .bss           0x000000000011e644        0x0 obj/split.o
 .bss           0x000000000011e644        0x0 obj/printk.o
 .bss           0x000000000011e644        0x0 obj/getch.o
 .bss           0x000000000011e644        0x0 obj/strtol.o
 .bss           0x000000000011e644        0x0 obj/getline.o
 .bss           0x000000000011e644        0x0 obj/atoi.o
 .bss           0x000000000011e644        0x0 obj/io.o
 .bss           0x000000000011e644        0x0 obj/string.o
 .bss           0x000000000011e644        0x0 obj/states.o
 .bss           0x000000000011e644        0x0 obj/rand.o
 .bss           0x000000000011e644        0xc obj/malloc.o
 .bss           0x000000000011e650        0x0 obj/peluqueria.o
 .bss           0x000000000011e650        0x0 obj/prodcons.o
 .bss           0x000000000011e650        0x0 obj/test.o
 .bss           0x000000000011e650        0x0 obj/divz.o
 .bss           0x000000000011e650        0x0 obj/events.o
 .bss           0x000000000011e650        0x0 obj/filo.o
 .bss           0x000000000011e650        0x0 obj/afilo.o
 .bss           0x000000000011e650        0x0 obj/shell.o
 .bss           0x000000000011e650        0x0 obj/interface_tester.o
 .bss           0x000000000011e650        0x0 obj/ts.o
 .bss           0x000000000011e650        0x4 obj/camino.o
 .bss           0x000000000011e654        0x0 obj/sfilo.o
 .bss           0x000000000011e654        0x0 obj/disk.o
 .bss           0x000000000011e654        0x0 obj/kill.o
 .bss           0x000000000011e654        0x0 obj/xfilo.o
 .bss           0x000000000011e654        0x4 obj/camino_ns.o
 .bss           0x000000000011e658        0x0 obj/setkb.o
 *(COMMON)
 COMMON         0x000000000011e658       0x10 obj/kernel.o
                0x000000000011e658                TLS
                0x000000000011e65c                mt_last_task
                0x000000000011e660                mt_fpu_task
                0x000000000011e664                mt_curr_task
 COMMON         0x000000000011e668        0x4 obj/irq.o
                0x000000000011e668                mt_int_level
                0x000000000011e66c                . = ALIGN ((. != 0x0)?0x4:0x1)
                0x000000000011e66c                . = ALIGN (0x4)
                0x000000000011e66c                . = ALIGN (0x4)
                0x000000000011e66c                _end = .
                0x000000000011e66c                PROVIDE (end, .)
                0x000000000011e66c                . = DATA_SEGMENT_END (.)

.stab
 *(.stab)

.stabstr
 *(.stabstr)

.stab.excl
 *(.stab.excl)

.stab.exclstr
 *(.stab.exclstr)

.stab.index
 *(.stab.index)

.stab.indexstr
 *(.stab.indexstr)

.comment        0x0000000000000000       0x2a
 *(.comment)
 .comment       0x0000000000000000       0x2a obj/msgqueue.o
                                         0x2b (size before relaxing)
 .comment       0x0000000000000000       0x2b obj/mutex.o
 .comment       0x0000000000000000       0x2b obj/sem.o
 .comment       0x0000000000000000       0x2b obj/monitor.o
 .comment       0x0000000000000000       0x2b obj/pipe.o
 .comment       0x0000000000000000       0x2b obj/ide.o
 .comment       0x0000000000000000       0x2b obj/drivers.o
 .comment       0x0000000000000000       0x2b obj/ps2.o
 .comment       0x0000000000000000       0x2b obj/cons.o
 .comment       0x0000000000000000       0x2b obj/timer.o
 .comment       0x0000000000000000       0x2b obj/input.o
 .comment       0x0000000000000000       0x2b obj/math.o
 .comment       0x0000000000000000       0x2b obj/kernel.o
 .comment       0x0000000000000000       0x2b obj/irq.o
 .comment       0x0000000000000000       0x2b obj/queue.o
 .comment       0x0000000000000000       0x2b obj/gdt_idt.o
 .comment       0x0000000000000000       0x2b obj/sprintf.o
 .comment       0x0000000000000000       0x2b obj/split.o
 .comment       0x0000000000000000       0x2b obj/printk.o
 .comment       0x0000000000000000       0x2b obj/getch.o
 .comment       0x0000000000000000       0x2b obj/strtol.o
 .comment       0x0000000000000000       0x2b obj/getline.o
 .comment       0x0000000000000000       0x2b obj/atoi.o
 .comment       0x0000000000000000       0x2b obj/string.o
 .comment       0x0000000000000000       0x2b obj/states.o
 .comment       0x0000000000000000       0x2b obj/rand.o
 .comment       0x0000000000000000       0x2b obj/malloc.o
 .comment       0x0000000000000000       0x2b obj/peluqueria.o
 .comment       0x0000000000000000       0x2b obj/prodcons.o
 .comment       0x0000000000000000       0x2b obj/test.o
 .comment       0x0000000000000000       0x2b obj/divz.o
 .comment       0x0000000000000000       0x2b obj/events.o
 .comment       0x0000000000000000       0x2b obj/filo.o
 .comment       0x0000000000000000       0x2b obj/afilo.o
 .comment       0x0000000000000000       0x2b obj/shell.o
 .comment       0x0000000000000000       0x2b obj/interface_tester.o
 .comment       0x0000000000000000       0x2b obj/ts.o
 .comment       0x0000000000000000       0x2b obj/camino.o
 .comment       0x0000000000000000       0x2b obj/sfilo.o
 .comment       0x0000000000000000       0x2b obj/disk.o
 .comment       0x0000000000000000       0x2b obj/kill.o
 .comment       0x0000000000000000       0x2b obj/xfilo.o
 .comment       0x0000000000000000       0x2b obj/camino_ns.o
 .comment       0x0000000000000000       0x2b obj/setkb.o

.debug
 *(.debug)

.line
 *(.line)

.debug_srcinfo
 *(.debug_srcinfo)

.debug_sfnames
 *(.debug_sfnames)

.debug_aranges  0x0000000000000000      0x600
 *(.debug_aranges)
 .debug_aranges
                0x0000000000000000       0x20 obj/kstart.o
 .debug_aranges
                0x0000000000000020       0x20 obj/msgqueue.o
 .debug_aranges
                0x0000000000000040       0x20 obj/mutex.o
 .debug_aranges
                0x0000000000000060       0x20 obj/sem.o
 .debug_aranges
                0x0000000000000080       0x20 obj/monitor.o
 .debug_aranges
                0x00000000000000a0       0x20 obj/pipe.o
 .debug_aranges
                0x00000000000000c0       0x20 obj/ide.o
 .debug_aranges
                0x00000000000000e0       0x20 obj/drivers.o
 .debug_aranges
                0x0000000000000100       0x20 obj/ps2.o
 .debug_aranges
                0x0000000000000120       0x20 obj/cons.o
 .debug_aranges
                0x0000000000000140       0x20 obj/timer.o
 .debug_aranges
                0x0000000000000160       0x20 obj/input.o
 .debug_aranges
                0x0000000000000180       0x20 obj/math.o
 .debug_aranges
                0x00000000000001a0       0x20 obj/kernel.o
 .debug_aranges
                0x00000000000001c0       0x20 obj/interrupts.o
 .debug_aranges
                0x00000000000001e0       0x20 obj/irq.o
 .debug_aranges
                0x0000000000000200       0x20 obj/queue.o
 .debug_aranges
                0x0000000000000220       0x20 obj/gdt_idt.o
 .debug_aranges
                0x0000000000000240       0x20 obj/libasm.o
 .debug_aranges
                0x0000000000000260       0x20 obj/sprintf.o
 .debug_aranges
                0x0000000000000280       0x20 obj/split.o
 .debug_aranges
                0x00000000000002a0       0x20 obj/printk.o
 .debug_aranges
                0x00000000000002c0       0x20 obj/getch.o
 .debug_aranges
                0x00000000000002e0       0x20 obj/strtol.o
 .debug_aranges
                0x0000000000000300       0x20 obj/getline.o
 .debug_aranges
                0x0000000000000320       0x20 obj/atoi.o
 .debug_aranges
                0x0000000000000340       0x20 obj/io.o
 .debug_aranges
                0x0000000000000360       0x20 obj/string.o
 .debug_aranges
                0x0000000000000380       0x20 obj/states.o
 .debug_aranges
                0x00000000000003a0       0x20 obj/rand.o
 .debug_aranges
                0x00000000000003c0       0x20 obj/malloc.o
 .debug_aranges
                0x00000000000003e0       0x20 obj/peluqueria.o
 .debug_aranges
                0x0000000000000400       0x20 obj/prodcons.o
 .debug_aranges
                0x0000000000000420       0x20 obj/test.o
 .debug_aranges
                0x0000000000000440       0x20 obj/divz.o
 .debug_aranges
                0x0000000000000460       0x20 obj/events.o
 .debug_aranges
                0x0000000000000480       0x20 obj/filo.o
 .debug_aranges
                0x00000000000004a0       0x20 obj/afilo.o
 .debug_aranges
                0x00000000000004c0       0x20 obj/shell.o
 .debug_aranges
                0x00000000000004e0       0x20 obj/interface_tester.o
 .debug_aranges
                0x0000000000000500       0x20 obj/ts.o
 .debug_aranges
                0x0000000000000520       0x20 obj/camino.o
 .debug_aranges
                0x0000000000000540       0x20 obj/sfilo.o
 .debug_aranges
                0x0000000000000560       0x20 obj/disk.o
 .debug_aranges
                0x0000000000000580       0x20 obj/kill.o
 .debug_aranges
                0x00000000000005a0       0x20 obj/xfilo.o
 .debug_aranges
                0x00000000000005c0       0x20 obj/camino_ns.o
 .debug_aranges
                0x00000000000005e0       0x20 obj/setkb.o

.debug_pubnames
 *(.debug_pubnames)

.debug_info     0x0000000000000000     0xefce
 *(.debug_info .gnu.linkonce.wi.*)
 .debug_info    0x0000000000000000       0x5c obj/kstart.o
 .debug_info    0x000000000000005c      0x386 obj/msgqueue.o
 .debug_info    0x00000000000003e2      0x541 obj/mutex.o
 .debug_info    0x0000000000000923      0x5c5 obj/sem.o
 .debug_info    0x0000000000000ee8      0x6b3 obj/monitor.o
 .debug_info    0x000000000000159b      0x443 obj/pipe.o
 .debug_info    0x00000000000019de      0xb40 obj/ide.o
 .debug_info    0x000000000000251e      0x1ac obj/drivers.o
 .debug_info    0x00000000000026ca      0xecf obj/ps2.o
 .debug_info    0x0000000000003599      0xd0d obj/cons.o
 .debug_info    0x00000000000042a6       0x82 obj/timer.o
 .debug_info    0x0000000000004328      0xa03 obj/input.o
 .debug_info    0x0000000000004d2b      0x429 obj/math.o
 .debug_info    0x0000000000005154     0x14e7 obj/kernel.o
 .debug_info    0x000000000000663b       0x60 obj/interrupts.o
 .debug_info    0x000000000000669b      0x3b5 obj/irq.o
 .debug_info    0x0000000000006a50      0x552 obj/queue.o
 .debug_info    0x0000000000006fa2      0x2f7 obj/gdt_idt.o
 .debug_info    0x0000000000007299       0x5c obj/libasm.o
 .debug_info    0x00000000000072f5      0x876 obj/sprintf.o
 .debug_info    0x0000000000007b6b      0x248 obj/split.o
 .debug_info    0x0000000000007db3      0x23a obj/printk.o
 .debug_info    0x0000000000007fed      0x218 obj/getch.o
 .debug_info    0x0000000000008205      0x23f obj/strtol.o
 .debug_info    0x0000000000008444      0x215 obj/getline.o
 .debug_info    0x0000000000008659       0x9f obj/atoi.o
 .debug_info    0x00000000000086f8       0x55 obj/io.o
 .debug_info    0x000000000000874d      0x5e6 obj/string.o
 .debug_info    0x0000000000008d33       0xbe obj/states.o
 .debug_info    0x0000000000008df1       0xf9 obj/rand.o
 .debug_info    0x0000000000008eea      0x1cd obj/malloc.o
 .debug_info    0x00000000000090b7      0x912 obj/peluqueria.o
 .debug_info    0x00000000000099c9      0x790 obj/prodcons.o
 .debug_info    0x000000000000a159       0x96 obj/test.o
 .debug_info    0x000000000000a1ef      0x246 obj/divz.o
 .debug_info    0x000000000000a435      0x263 obj/events.o
 .debug_info    0x000000000000a698      0x7aa obj/filo.o
 .debug_info    0x000000000000ae42      0x75e obj/afilo.o
 .debug_info    0x000000000000b5a0      0x7d4 obj/shell.o
 .debug_info    0x000000000000bd74       0x96 obj/interface_tester.o
 .debug_info    0x000000000000be0a      0x658 obj/ts.o
 .debug_info    0x000000000000c462      0x9a1 obj/camino.o
 .debug_info    0x000000000000ce03      0x755 obj/sfilo.o
 .debug_info    0x000000000000d558      0x27e obj/disk.o
 .debug_info    0x000000000000d7d6      0x52f obj/kill.o
 .debug_info    0x000000000000dd05      0x7b8 obj/xfilo.o
 .debug_info    0x000000000000e4bd      0x99d obj/camino_ns.o
 .debug_info    0x000000000000ee5a      0x174 obj/setkb.o

.debug_abbrev   0x0000000000000000     0x3576
 *(.debug_abbrev)
 .debug_abbrev  0x0000000000000000       0x14 obj/kstart.o
 .debug_abbrev  0x0000000000000014      0x12f obj/msgqueue.o
 .debug_abbrev  0x0000000000000143      0x129 obj/mutex.o
 .debug_abbrev  0x000000000000026c      0x126 obj/sem.o
 .debug_abbrev  0x0000000000000392      0x129 obj/monitor.o
 .debug_abbrev  0x00000000000004bb      0x122 obj/pipe.o
 .debug_abbrev  0x00000000000005dd      0x232 obj/ide.o
 .debug_abbrev  0x000000000000080f       0xe1 obj/drivers.o
 .debug_abbrev  0x00000000000008f0      0x265 obj/ps2.o
 .debug_abbrev  0x0000000000000b55      0x246 obj/cons.o
 .debug_abbrev  0x0000000000000d9b       0x5d obj/timer.o
 .debug_abbrev  0x0000000000000df8      0x1fd obj/input.o
 .debug_abbrev  0x0000000000000ff5       0xef obj/math.o
 .debug_abbrev  0x00000000000010e4      0x28e obj/kernel.o
 .debug_abbrev  0x0000000000001372       0x14 obj/interrupts.o
 .debug_abbrev  0x0000000000001386      0x14b obj/irq.o
 .debug_abbrev  0x00000000000014d1      0x112 obj/queue.o
 .debug_abbrev  0x00000000000015e3       0xe2 obj/gdt_idt.o
 .debug_abbrev  0x00000000000016c5       0x14 obj/libasm.o
 .debug_abbrev  0x00000000000016d9      0x1a5 obj/sprintf.o
 .debug_abbrev  0x000000000000187e       0xdb obj/split.o
 .debug_abbrev  0x0000000000001959       0xe9 obj/printk.o
 .debug_abbrev  0x0000000000001a42       0xf6 obj/getch.o
 .debug_abbrev  0x0000000000001b38       0xbd obj/strtol.o
 .debug_abbrev  0x0000000000001bf5       0xef obj/getline.o
 .debug_abbrev  0x0000000000001ce4       0x71 obj/atoi.o
 .debug_abbrev  0x0000000000001d55       0x14 obj/io.o
 .debug_abbrev  0x0000000000001d69       0xdf obj/string.o
 .debug_abbrev  0x0000000000001e48       0x83 obj/states.o
 .debug_abbrev  0x0000000000001ecb       0xb4 obj/rand.o
 .debug_abbrev  0x0000000000001f7f      0x112 obj/malloc.o
 .debug_abbrev  0x0000000000002091      0x183 obj/peluqueria.o
 .debug_abbrev  0x0000000000002214      0x178 obj/prodcons.o
 .debug_abbrev  0x000000000000238c       0x5b obj/test.o
 .debug_abbrev  0x00000000000023e7       0xfe obj/divz.o
 .debug_abbrev  0x00000000000024e5      0x125 obj/events.o
 .debug_abbrev  0x000000000000260a      0x181 obj/filo.o
 .debug_abbrev  0x000000000000278b      0x178 obj/afilo.o
 .debug_abbrev  0x0000000000002903      0x170 obj/shell.o
 .debug_abbrev  0x0000000000002a73       0x5b obj/interface_tester.o
 .debug_abbrev  0x0000000000002ace      0x14f obj/ts.o
 .debug_abbrev  0x0000000000002c1d      0x1cc obj/camino.o
 .debug_abbrev  0x0000000000002de9      0x181 obj/sfilo.o
 .debug_abbrev  0x0000000000002f6a      0x108 obj/disk.o
 .debug_abbrev  0x0000000000003072       0xed obj/kill.o
 .debug_abbrev  0x000000000000315f      0x181 obj/xfilo.o
 .debug_abbrev  0x00000000000032e0      0x1d2 obj/camino_ns.o
 .debug_abbrev  0x00000000000034b2       0xc4 obj/setkb.o

.debug_line     0x0000000000000000     0x3999
 *(.debug_line)
 .debug_line    0x0000000000000000       0x48 obj/kstart.o
 .debug_line    0x0000000000000048       0xb2 obj/msgqueue.o
 .debug_line    0x00000000000000fa       0x9b obj/mutex.o
 .debug_line    0x0000000000000195       0xa0 obj/sem.o
 .debug_line    0x0000000000000235       0xdb obj/monitor.o
 .debug_line    0x0000000000000310      0x156 obj/pipe.o
 .debug_line    0x0000000000000466      0x2f6 obj/ide.o
 .debug_line    0x000000000000075c       0x68 obj/drivers.o
 .debug_line    0x00000000000007c4      0x347 obj/ps2.o
 .debug_line    0x0000000000000b0b      0x2a0 obj/cons.o
 .debug_line    0x0000000000000dab       0x4b obj/timer.o
 .debug_line    0x0000000000000df6      0x1b7 obj/input.o
 .debug_line    0x0000000000000fad       0x77 obj/math.o
 .debug_line    0x0000000000001024      0x51c obj/kernel.o
 .debug_line    0x0000000000001540       0x90 obj/interrupts.o
 .debug_line    0x00000000000015d0       0xfc obj/irq.o
 .debug_line    0x00000000000016cc       0xfe obj/queue.o
 .debug_line    0x00000000000017ca       0xa2 obj/gdt_idt.o
 .debug_line    0x000000000000186c       0x74 obj/libasm.o
 .debug_line    0x00000000000018e0      0x468 obj/sprintf.o
 .debug_line    0x0000000000001d48      0x11a obj/split.o
 .debug_line    0x0000000000001e62       0xc0 obj/printk.o
 .debug_line    0x0000000000001f22       0x9b obj/getch.o
 .debug_line    0x0000000000001fbd      0x216 obj/strtol.o
 .debug_line    0x00000000000021d3       0xb1 obj/getline.o
 .debug_line    0x0000000000002284       0x71 obj/atoi.o
 .debug_line    0x00000000000022f5       0x5e obj/io.o
 .debug_line    0x0000000000002353       0xb6 obj/string.o
 .debug_line    0x0000000000002409       0x54 obj/states.o
 .debug_line    0x000000000000245d       0x4f obj/rand.o
 .debug_line    0x00000000000024ac       0x86 obj/malloc.o
 .debug_line    0x0000000000002532      0x1c4 obj/peluqueria.o
 .debug_line    0x00000000000026f6      0x161 obj/prodcons.o
 .debug_line    0x0000000000002857       0x40 obj/test.o
 .debug_line    0x0000000000002897       0x6c obj/divz.o
 .debug_line    0x0000000000002903       0xd1 obj/events.o
 .debug_line    0x00000000000029d4      0x170 obj/filo.o
 .debug_line    0x0000000000002b44      0x166 obj/afilo.o
 .debug_line    0x0000000000002caa      0x1ad obj/shell.o
 .debug_line    0x0000000000002e57       0x4c obj/interface_tester.o
 .debug_line    0x0000000000002ea3      0x12b obj/ts.o
 .debug_line    0x0000000000002fce      0x242 obj/camino.o
 .debug_line    0x0000000000003210      0x13f obj/sfilo.o
 .debug_line    0x000000000000334f       0xbd obj/disk.o
 .debug_line    0x000000000000340c       0xa4 obj/kill.o
 .debug_line    0x00000000000034b0      0x182 obj/xfilo.o
 .debug_line    0x0000000000003632      0x2e9 obj/camino_ns.o
 .debug_line    0x000000000000391b       0x7e obj/setkb.o

.debug_frame
 *(.debug_frame)

.debug_str      0x0000000000000000     0x1fef
 *(.debug_str)
 .debug_str     0x0000000000000000      0x143 obj/msgqueue.o
                                        0x171 (size before relaxing)
 .debug_str     0x0000000000000143      0x20d obj/mutex.o
                                        0x2c4 (size before relaxing)
 .debug_str     0x0000000000000350       0x6d obj/sem.o
                                        0x2c0 (size before relaxing)
 .debug_str     0x00000000000003bd       0xed obj/monitor.o
                                        0x347 (size before relaxing)
 .debug_str     0x00000000000004aa       0xa1 obj/pipe.o
                                        0x155 (size before relaxing)
 .debug_str     0x000000000000054b      0x2a9 obj/ide.o
                                        0x3ae (size before relaxing)
 .debug_str     0x00000000000007f4       0x3c obj/drivers.o
                                        0x126 (size before relaxing)
 .debug_str     0x0000000000000830      0x309 obj/ps2.o
                                        0x63e (size before relaxing)
 .debug_str     0x0000000000000b39      0x30c obj/cons.o
                                        0x4ce (size before relaxing)
 .debug_str     0x0000000000000e45       0x23 obj/timer.o
                                         0xa0 (size before relaxing)
 .debug_str     0x0000000000000e68      0x1d2 obj/input.o
                                        0x3cf (size before relaxing)
 .debug_str     0x000000000000103a       0x49 obj/math.o
                                        0x298 (size before relaxing)
 .debug_str     0x0000000000001083      0x340 obj/kernel.o
                                        0x693 (size before relaxing)
 .debug_str     0x00000000000013c3       0xea obj/irq.o
                                        0x1d2 (size before relaxing)
 .debug_str     0x00000000000014ad       0x83 obj/queue.o
                                        0x2cb (size before relaxing)
 .debug_str     0x0000000000001530       0xf0 obj/gdt_idt.o
                                        0x178 (size before relaxing)
 .debug_str     0x0000000000001620       0xd2 obj/sprintf.o
                                        0x1d2 (size before relaxing)
 .debug_str     0x00000000000016f2       0x43 obj/split.o
                                         0xd0 (size before relaxing)
 .debug_str     0x0000000000001735       0x28 obj/printk.o
                                         0xe8 (size before relaxing)
 .debug_str     0x000000000000175d       0x10 obj/getch.o
                                        0x135 (size before relaxing)
 .debug_str     0x000000000000176d       0x5a obj/strtol.o
                                         0xad (size before relaxing)
 .debug_str     0x00000000000017c7       0x1f obj/getline.o
                                        0x10c (size before relaxing)
 .debug_str     0x00000000000017e6        0xf obj/atoi.o
                                         0x85 (size before relaxing)
 .debug_str     0x00000000000017f5       0x84 obj/string.o
                                        0x100 (size before relaxing)
 .debug_str     0x0000000000001879       0x23 obj/states.o
                                         0xa1 (size before relaxing)
 .debug_str     0x000000000000189c       0x22 obj/rand.o
                                         0x9d (size before relaxing)
 .debug_str     0x00000000000018be       0x68 obj/malloc.o
                                         0xfd (size before relaxing)
 .debug_str     0x0000000000001926      0x10f obj/peluqueria.o
                                        0x442 (size before relaxing)
 .debug_str     0x0000000000001a35       0x85 obj/prodcons.o
                                        0x3e5 (size before relaxing)
 .debug_str     0x0000000000001aba       0x1a obj/test.o
                                         0x95 (size before relaxing)
 .debug_str     0x0000000000001ad4       0x2e obj/divz.o
                                        0x150 (size before relaxing)
 .debug_str     0x0000000000001b02       0x1e obj/events.o
                                        0x156 (size before relaxing)
 .debug_str     0x0000000000001b20       0x79 obj/filo.o
                                        0x387 (size before relaxing)
 .debug_str     0x0000000000001b99       0x27 obj/afilo.o
                                        0x37b (size before relaxing)
 .debug_str     0x0000000000001bc0       0x8e obj/shell.o
                                        0x39a (size before relaxing)
 .debug_str     0x0000000000001c4e       0x32 obj/interface_tester.o
                                         0xad (size before relaxing)
 .debug_str     0x0000000000001c80       0x33 obj/ts.o
                                        0x352 (size before relaxing)
 .debug_str     0x0000000000001cb3      0x166 obj/camino.o
                                        0x48c (size before relaxing)
 .debug_str     0x0000000000001e19       0x22 obj/sfilo.o
                                        0x384 (size before relaxing)
 .debug_str     0x0000000000001e3b       0x8b obj/disk.o
                                        0x19a (size before relaxing)
 .debug_str     0x0000000000001ec6       0x1a obj/kill.o
                                        0x324 (size before relaxing)
 .debug_str     0x0000000000001ee0       0x21 obj/xfilo.o
                                        0x395 (size before relaxing)
 .debug_str     0x0000000000001f01       0xcc obj/camino_ns.o
                                        0x4ea (size before relaxing)
 .debug_str     0x0000000000001fcd       0x22 obj/setkb.o
                                        0x13a (size before relaxing)

.debug_loc      0x0000000000000000     0x5878
 *(.debug_loc)
 .debug_loc     0x0000000000000000      0x1f8 obj/msgqueue.o
 .debug_loc     0x00000000000001f8      0x150 obj/mutex.o
 .debug_loc     0x0000000000000348      0x1c0 obj/sem.o
 .debug_loc     0x0000000000000508      0x2a0 obj/monitor.o
 .debug_loc     0x00000000000007a8      0x1f8 obj/pipe.o
 .debug_loc     0x00000000000009a0      0x508 obj/ide.o
 .debug_loc     0x0000000000000ea8       0x70 obj/drivers.o
 .debug_loc     0x0000000000000f18      0x560 obj/ps2.o
 .debug_loc     0x0000000000001478      0x8c0 obj/cons.o
 .debug_loc     0x0000000000001d38       0x38 obj/timer.o
 .debug_loc     0x0000000000001d70      0x460 obj/input.o
 .debug_loc     0x00000000000021d0       0x70 obj/math.o
 .debug_loc     0x0000000000002240      0xc98 obj/kernel.o
 .debug_loc     0x0000000000002ed8      0x230 obj/irq.o
 .debug_loc     0x0000000000003108      0x1c0 obj/queue.o
 .debug_loc     0x00000000000032c8       0xa8 obj/gdt_idt.o
 .debug_loc     0x0000000000003370      0x310 obj/sprintf.o
 .debug_loc     0x0000000000003680      0x118 obj/split.o
 .debug_loc     0x0000000000003798       0xe0 obj/printk.o
 .debug_loc     0x0000000000003878       0xa8 obj/getch.o
 .debug_loc     0x0000000000003920      0x150 obj/strtol.o
 .debug_loc     0x0000000000003a70       0x70 obj/getline.o
 .debug_loc     0x0000000000003ae0       0x38 obj/atoi.o
 .debug_loc     0x0000000000003b18      0x310 obj/string.o
 .debug_loc     0x0000000000003e28       0x38 obj/states.o
 .debug_loc     0x0000000000003e60       0xa8 obj/rand.o
 .debug_loc     0x0000000000003f08       0xa8 obj/malloc.o
 .debug_loc     0x0000000000003fb0      0x2cc obj/peluqueria.o
 .debug_loc     0x000000000000427c      0x1d4 obj/prodcons.o
 .debug_loc     0x0000000000004450       0x38 obj/test.o
 .debug_loc     0x0000000000004488       0xa8 obj/divz.o
 .debug_loc     0x0000000000004530       0x44 obj/events.o
 .debug_loc     0x0000000000004574      0x294 obj/filo.o
 .debug_loc     0x0000000000004808      0x294 obj/afilo.o
 .debug_loc     0x0000000000004a9c      0x124 obj/shell.o
 .debug_loc     0x0000000000004bc0       0x38 obj/interface_tester.o
 .debug_loc     0x0000000000004bf8       0xa8 obj/ts.o
 .debug_loc     0x0000000000004ca0      0x33c obj/camino.o
 .debug_loc     0x0000000000004fdc      0x25c obj/sfilo.o
 .debug_loc     0x0000000000005238       0x70 obj/disk.o
 .debug_loc     0x00000000000052a8       0x38 obj/kill.o
 .debug_loc     0x00000000000052e0      0x294 obj/xfilo.o
 .debug_loc     0x0000000000005574      0x2cc obj/camino_ns.o
 .debug_loc     0x0000000000005840       0x38 obj/setkb.o

.debug_macinfo
 *(.debug_macinfo)

.debug_weaknames
 *(.debug_weaknames)

.debug_funcnames
 *(.debug_funcnames)

.debug_typenames
 *(.debug_typenames)

.debug_varnames
 *(.debug_varnames)

.debug_pubtypes
 *(.debug_pubtypes)

.debug_ranges   0x0000000000000000       0x18
 *(.debug_ranges)
 .debug_ranges  0x0000000000000000       0x18 obj/shell.o

.gnu.attributes
 *(.gnu.attributes)

/DISCARD/
 *(.note.GNU-stack)
 *(.gnu_debuglink)
 *(.gnu.lto_*)
OUTPUT(mtask elf32-i386)
